2026-08-03 01:10:38.0567 | INFO | Microsoft.Hosting.Lifetime | Now listening on: https://localhost:7286 
2026-08-03 01:10:38.0751 | INFO | Microsoft.Hosting.Lifetime | Now listening on: http://localhost:5045 
2026-08-03 01:10:38.3759 | INFO | Microsoft.Hosting.Lifetime | Application started. Press Ctrl+C to shut down. 
2026-08-03 01:10:38.3759 | INFO | Microsoft.Hosting.Lifetime | Hosting environment: Development 
2026-08-03 01:10:38.3759 | INFO | Microsoft.Hosting.Lifetime | Content root path: C:\Users\HP\Desktop\Learn\CustomerApi 
2026-08-03 01:10:39.0721 | INFO | Microsoft.AspNetCore.Hosting.Diagnostics | Request starting HTTP/2 GET https://localhost:7286/swagger - - - 
2026-08-03 01:10:39.4586 | INFO | Microsoft.AspNetCore.Hosting.Diagnostics | Request finished HTTP/2 GET https://localhost:7286/swagger - 301 - - 403.4835ms 
2026-08-03 01:10:39.4614 | INFO | Microsoft.AspNetCore.Hosting.Diagnostics | Request starting HTTP/2 GET https://localhost:7286/swagger/index.html - - - 
2026-08-03 01:10:39.6712 | INFO | Microsoft.AspNetCore.Hosting.Diagnostics | Request starting HTTP/2 GET https://localhost:7286/swagger/swagger-ui-bundle.js - - - 
2026-08-03 01:10:39.6712 | INFO | Microsoft.AspNetCore.Hosting.Diagnostics | Request starting HTTP/2 GET https://localhost:7286/swagger/swagger-ui.css - - - 
2026-08-03 01:10:39.6712 | INFO | Microsoft.AspNetCore.Hosting.Diagnostics | Request starting HTTP/2 GET https://localhost:7286/swagger/swagger-ui-standalone-preset.js - - - 
2026-08-03 01:10:39.6712 | INFO | Microsoft.AspNetCore.Hosting.Diagnostics | Request finished HTTP/2 GET https://localhost:7286/swagger/index.html - 200 - text/html;charset=utf-8 206.9839ms 
2026-08-03 01:10:39.6945 | INFO | Microsoft.AspNetCore.Hosting.Diagnostics | Request starting HTTP/2 GET https://localhost:7286/_framework/aspnetcore-browser-refresh.js - - - 
2026-08-03 01:10:39.7450 | INFO | Microsoft.AspNetCore.Hosting.Diagnostics | Request finished HTTP/2 GET https://localhost:7286/_framework/aspnetcore-browser-refresh.js - 200 14927 application/javascript;+charset=utf-8 53.1130ms 
2026-08-03 01:10:39.7887 | INFO | Microsoft.AspNetCore.StaticFiles.StaticFileMiddleware | Sending file. Request path: '/swagger-ui.css'. Physical path: 'N/A' 
2026-08-03 01:10:39.7887 | INFO | Microsoft.AspNetCore.StaticFiles.StaticFileMiddleware | Sending file. Request path: '/swagger-ui-standalone-preset.js'. Physical path: 'N/A' 
2026-08-03 01:10:39.7895 | INFO | Microsoft.AspNetCore.Hosting.Diagnostics | Request finished HTTP/2 GET https://localhost:7286/swagger/swagger-ui.css - 200 152034 text/css 118.3421ms 
2026-08-03 01:10:39.7895 | INFO | Microsoft.AspNetCore.Hosting.Diagnostics | Request finished HTTP/2 GET https://localhost:7286/swagger/swagger-ui-standalone-preset.js - 200 230280 text/javascript 118.1584ms 
2026-08-03 01:10:39.7895 | INFO | Microsoft.AspNetCore.Hosting.Diagnostics | Request starting HTTP/2 GET https://localhost:7286/_vs/browserLink - - - 
2026-08-03 01:10:39.8574 | INFO | Microsoft.AspNetCore.StaticFiles.StaticFileMiddleware | Sending file. Request path: '/swagger-ui-bundle.js'. Physical path: 'N/A' 
2026-08-03 01:10:39.8574 | INFO | Microsoft.AspNetCore.Hosting.Diagnostics | Request finished HTTP/2 GET https://localhost:7286/swagger/swagger-ui-bundle.js - 200 1456926 text/javascript 186.6511ms 
2026-08-03 01:10:39.9631 | INFO | Microsoft.AspNetCore.Hosting.Diagnostics | Request finished HTTP/2 GET https://localhost:7286/_vs/browserLink - 200 - text/javascript;+charset=UTF-8 168.1161ms 
2026-08-03 01:10:40.2034 | INFO | Microsoft.AspNetCore.Hosting.Diagnostics | Request starting HTTP/2 GET https://localhost:7286/swagger/v1/swagger.json - - - 
2026-08-03 01:10:40.2936 | INFO | Microsoft.AspNetCore.Hosting.Diagnostics | Request starting HTTP/2 GET https://localhost:7286/swagger/favicon-32x32.png - - - 
2026-08-03 01:10:40.2936 | INFO | Microsoft.AspNetCore.StaticFiles.StaticFileMiddleware | Sending file. Request path: '/favicon-32x32.png'. Physical path: 'N/A' 
2026-08-03 01:10:40.2936 | INFO | Microsoft.AspNetCore.Hosting.Diagnostics | Request finished HTTP/2 GET https://localhost:7286/swagger/favicon-32x32.png - 200 628 image/png 1.2675ms 
2026-08-03 01:10:40.3078 | INFO | Microsoft.AspNetCore.Hosting.Diagnostics | Request finished HTTP/2 GET https://localhost:7286/swagger/v1/swagger.json - 200 - application/json;charset=utf-8 105.1010ms 
2026-08-03 01:11:29.4969 | INFO | Microsoft.AspNetCore.Hosting.Diagnostics | Request starting HTTP/2 POST https://localhost:7286/api/Customer - application/json 126 
2026-08-03 01:11:29.4969 | INFO | Microsoft.AspNetCore.Routing.EndpointMiddleware | Executing endpoint 'CustomerApi.Controllers.CustomerController.Create (CustomerApi)' 
2026-08-03 01:11:29.5543 | INFO | Microsoft.AspNetCore.Mvc.Infrastructure.ControllerActionInvoker | Route matched with {action = "Create", controller = "Customer"}. Executing controller action with signature System.Threading.Tasks.Task`1[Microsoft.AspNetCore.Mvc.IActionResult] Create(CustomerApi.DTOs.CreateCustomerDto) on controller CustomerApi.Controllers.CustomerController (CustomerApi). 
2026-08-03 01:11:31.4757 | INFO | Microsoft.EntityFrameworkCore.Database.Command | Executed DbCommand (95ms) [Parameters=[@p0='?' (DbType = DateTime2), @p1='?' (Size = 4000), @p2='?' (Size = 4000), @p3='?' (Size = 4000), @p4='?' (Size = 4000), @p5='?' (DbType = DateTime2)], CommandType='Text', CommandTimeout='30']
SET IMPLICIT_TRANSACTIONS OFF;
SET NOCOUNT ON;
INSERT INTO [Customers] ([CreatedAt], [Email], [FirstName], [LastName], [PhoneNumber], [UpdatedAt])
OUTPUT INSERTED.[Id]
VALUES (@p0, @p1, @p2, @p3, @p4, @p5); 
2026-08-03 01:11:31.5548 | INFO | CustomerApi.Services.CustomerService | Customer created with Id 1 
2026-08-03 01:11:31.5646 | INFO | Microsoft.AspNetCore.Mvc.Infrastructure.ObjectResultExecutor | Executing CreatedAtActionResult, writing value of type 'CustomerApi.Common.ApiResponse`1[[CustomerApi.DTOs.CustomerResponseDto, CustomerApi, Version=1.0.0.0, Culture=neutral, PublicKeyToken=null]]'. 
2026-08-03 01:11:31.6190 | INFO | Microsoft.AspNetCore.Mvc.Infrastructure.ControllerActionInvoker | Executed action CustomerApi.Controllers.CustomerController.Create (CustomerApi) in 2056.159ms 
2026-08-03 01:11:31.6190 | INFO | Microsoft.AspNetCore.Routing.EndpointMiddleware | Executed endpoint 'CustomerApi.Controllers.CustomerController.Create (CustomerApi)' 
2026-08-03 01:11:31.6190 | INFO | Microsoft.AspNetCore.Hosting.Diagnostics | Request finished HTTP/2 POST https://localhost:7286/api/Customer - 201 - application/json;+charset=utf-8 2131.3249ms 
2026-08-03 01:12:02.5951 | INFO | Microsoft.AspNetCore.Hosting.Diagnostics | Request starting HTTP/2 POST https://localhost:7286/api/Customer - application/json 120 
2026-08-03 01:12:02.6029 | INFO | Microsoft.AspNetCore.Routing.EndpointMiddleware | Executing endpoint 'CustomerApi.Controllers.CustomerController.Create (CustomerApi)' 
2026-08-03 01:12:02.6029 | INFO | Microsoft.AspNetCore.Mvc.Infrastructure.ControllerActionInvoker | Route matched with {action = "Create", controller = "Customer"}. Executing controller action with signature System.Threading.Tasks.Task`1[Microsoft.AspNetCore.Mvc.IActionResult] Create(CustomerApi.DTOs.CreateCustomerDto) on controller CustomerApi.Controllers.CustomerController (CustomerApi). 
2026-08-03 01:12:02.6029 | INFO | Microsoft.AspNetCore.Mvc.Infrastructure.ObjectResultExecutor | Executing BadRequestObjectResult, writing value of type 'Microsoft.AspNetCore.Mvc.ValidationProblemDetails'. 
2026-08-03 01:12:02.6363 | INFO | Microsoft.AspNetCore.Mvc.Infrastructure.ControllerActionInvoker | Executed action CustomerApi.Controllers.CustomerController.Create (CustomerApi) in 32.8718ms 
2026-08-03 01:12:02.6363 | INFO | Microsoft.AspNetCore.Routing.EndpointMiddleware | Executed endpoint 'CustomerApi.Controllers.CustomerController.Create (CustomerApi)' 
2026-08-03 01:12:02.6363 | INFO | Microsoft.AspNetCore.Hosting.Diagnostics | Request finished HTTP/2 POST https://localhost:7286/api/Customer - 400 - application/problem+json;+charset=utf-8 41.7766ms 
2026-08-03 01:12:21.0798 | INFO | Microsoft.AspNetCore.Hosting.Diagnostics | Request starting HTTP/2 POST https://localhost:7286/api/Customer - application/json 127 
2026-08-03 01:12:21.0798 | INFO | Microsoft.AspNetCore.Routing.EndpointMiddleware | Executing endpoint 'CustomerApi.Controllers.CustomerController.Create (CustomerApi)' 
2026-08-03 01:12:21.0798 | INFO | Microsoft.AspNetCore.Mvc.Infrastructure.ControllerActionInvoker | Route matched with {action = "Create", controller = "Customer"}. Executing controller action with signature System.Threading.Tasks.Task`1[Microsoft.AspNetCore.Mvc.IActionResult] Create(CustomerApi.DTOs.CreateCustomerDto) on controller CustomerApi.Controllers.CustomerController (CustomerApi). 
2026-08-03 01:12:21.1733 | INFO | Microsoft.EntityFrameworkCore.Database.Command | Executed DbCommand (8ms) [Parameters=[@p0='?' (DbType = DateTime2), @p1='?' (Size = 4000), @p2='?' (Size = 4000), @p3='?' (Size = 4000), @p4='?' (Size = 4000), @p5='?' (DbType = DateTime2)], CommandType='Text', CommandTimeout='30']
SET IMPLICIT_TRANSACTIONS OFF;
SET NOCOUNT ON;
INSERT INTO [Customers] ([CreatedAt], [Email], [FirstName], [LastName], [PhoneNumber], [UpdatedAt])
OUTPUT INSERTED.[Id]
VALUES (@p0, @p1, @p2, @p3, @p4, @p5); 
2026-08-03 01:12:21.1733 | INFO | CustomerApi.Services.CustomerService | Customer created with Id 2 
2026-08-03 01:12:21.1733 | INFO | Microsoft.AspNetCore.Mvc.Infrastructure.ObjectResultExecutor | Executing CreatedAtActionResult, writing value of type 'CustomerApi.Common.ApiResponse`1[[CustomerApi.DTOs.CustomerResponseDto, CustomerApi, Version=1.0.0.0, Culture=neutral, PublicKeyToken=null]]'. 
2026-08-03 01:12:21.1733 | INFO | Microsoft.AspNetCore.Mvc.Infrastructure.ControllerActionInvoker | Executed action CustomerApi.Controllers.CustomerController.Create (CustomerApi) in 93.6061ms 
2026-08-03 01:12:21.1733 | INFO | Microsoft.AspNetCore.Routing.EndpointMiddleware | Executed endpoint 'CustomerApi.Controllers.CustomerController.Create (CustomerApi)' 
2026-08-03 01:12:21.1733 | INFO | Microsoft.AspNetCore.Hosting.Diagnostics | Request finished HTTP/2 POST https://localhost:7286/api/Customer - 201 - application/json;+charset=utf-8 95.8974ms 
2026-08-03 01:12:57.3502 | INFO | Microsoft.AspNetCore.Hosting.Diagnostics | Request starting HTTP/2 POST https://localhost:7286/api/Customer - application/json 113 
2026-08-03 01:12:57.3547 | INFO | Microsoft.AspNetCore.Routing.EndpointMiddleware | Executing endpoint 'CustomerApi.Controllers.CustomerController.Create (CustomerApi)' 
2026-08-03 01:12:57.3547 | INFO | Microsoft.AspNetCore.Mvc.Infrastructure.ControllerActionInvoker | Route matched with {action = "Create", controller = "Customer"}. Executing controller action with signature System.Threading.Tasks.Task`1[Microsoft.AspNetCore.Mvc.IActionResult] Create(CustomerApi.DTOs.CreateCustomerDto) on controller CustomerApi.Controllers.CustomerController (CustomerApi). 
2026-08-03 01:12:57.3547 | INFO | Microsoft.AspNetCore.Mvc.Infrastructure.ObjectResultExecutor | Executing BadRequestObjectResult, writing value of type 'Microsoft.AspNetCore.Mvc.ValidationProblemDetails'. 
2026-08-03 01:12:57.3547 | INFO | Microsoft.AspNetCore.Mvc.Infrastructure.ControllerActionInvoker | Executed action CustomerApi.Controllers.CustomerController.Create (CustomerApi) in 1.4968ms 
2026-08-03 01:12:57.3547 | INFO | Microsoft.AspNetCore.Routing.EndpointMiddleware | Executed endpoint 'CustomerApi.Controllers.CustomerController.Create (CustomerApi)' 
2026-08-03 01:12:57.3547 | INFO | Microsoft.AspNetCore.Hosting.Diagnostics | Request finished HTTP/2 POST https://localhost:7286/api/Customer - 400 - application/problem+json;+charset=utf-8 8.6116ms 
2026-08-03 01:13:28.3697 | INFO | Microsoft.AspNetCore.Hosting.Diagnostics | Request starting HTTP/2 POST https://localhost:7286/api/Customer - application/json 180 
2026-08-03 01:13:28.3697 | INFO | Microsoft.AspNetCore.Routing.EndpointMiddleware | Executing endpoint 'CustomerApi.Controllers.CustomerController.Create (CustomerApi)' 
2026-08-03 01:13:28.3697 | INFO | Microsoft.AspNetCore.Mvc.Infrastructure.ControllerActionInvoker | Route matched with {action = "Create", controller = "Customer"}. Executing controller action with signature System.Threading.Tasks.Task`1[Microsoft.AspNetCore.Mvc.IActionResult] Create(CustomerApi.DTOs.CreateCustomerDto) on controller CustomerApi.Controllers.CustomerController (CustomerApi). 
2026-08-03 01:13:28.3697 | INFO | Microsoft.AspNetCore.Mvc.Infrastructure.ObjectResultExecutor | Executing BadRequestObjectResult, writing value of type 'Microsoft.AspNetCore.Mvc.ValidationProblemDetails'. 
2026-08-03 01:13:28.3697 | INFO | Microsoft.AspNetCore.Mvc.Infrastructure.ControllerActionInvoker | Executed action CustomerApi.Controllers.CustomerController.Create (CustomerApi) in 1.9252ms 
2026-08-03 01:13:28.3697 | INFO | Microsoft.AspNetCore.Routing.EndpointMiddleware | Executed endpoint 'CustomerApi.Controllers.CustomerController.Create (CustomerApi)' 
2026-08-03 01:13:28.3697 | INFO | Microsoft.AspNetCore.Hosting.Diagnostics | Request finished HTTP/2 POST https://localhost:7286/api/Customer - 400 - application/problem+json;+charset=utf-8 9.8599ms 
2026-08-03 01:14:09.6982 | INFO | Microsoft.AspNetCore.Hosting.Diagnostics | Request starting HTTP/2 GET https://localhost:7286/api/Customer - - - 
2026-08-03 01:14:09.6982 | INFO | Microsoft.AspNetCore.Routing.EndpointMiddleware | Executing endpoint 'CustomerApi.Controllers.CustomerController.GetAll (CustomerApi)' 
2026-08-03 01:14:09.6982 | INFO | Microsoft.AspNetCore.Mvc.Infrastructure.ControllerActionInvoker | Route matched with {action = "GetAll", controller = "Customer"}. Executing controller action with signature System.Threading.Tasks.Task`1[Microsoft.AspNetCore.Mvc.IActionResult] GetAll() on controller CustomerApi.Controllers.CustomerController (CustomerApi). 
2026-08-03 01:14:10.0103 | INFO | Microsoft.EntityFrameworkCore.Database.Command | Executed DbCommand (7ms) [Parameters=[], CommandType='Text', CommandTimeout='30']
SELECT [c].[Id], [c].[CreatedAt], [c].[Email], [c].[FirstName], [c].[LastName], [c].[PhoneNumber], [c].[UpdatedAt]
FROM [Customers] AS [c] 
2026-08-03 01:14:10.0235 | INFO | Microsoft.AspNetCore.Mvc.Infrastructure.ObjectResultExecutor | Executing OkObjectResult, writing value of type 'CustomerApi.Common.ApiResponse`1[[System.Collections.Generic.List`1[[CustomerApi.DTOs.CustomerResponseDto, CustomerApi, Version=1.0.0.0, Culture=neutral, PublicKeyToken=null]], System.Private.CoreLib, Version=8.0.0.0, Culture=neutral, PublicKeyToken=7cec85d7bea7798e]]'. 
2026-08-03 01:14:10.0254 | INFO | Microsoft.AspNetCore.Mvc.Infrastructure.ControllerActionInvoker | Executed action CustomerApi.Controllers.CustomerController.GetAll (CustomerApi) in 314.5074ms 
2026-08-03 01:14:10.0254 | INFO | Microsoft.AspNetCore.Routing.EndpointMiddleware | Executed endpoint 'CustomerApi.Controllers.CustomerController.GetAll (CustomerApi)' 
2026-08-03 01:14:10.0254 | INFO | Microsoft.AspNetCore.Hosting.Diagnostics | Request finished HTTP/2 GET https://localhost:7286/api/Customer - 200 - application/json;+charset=utf-8 327.8044ms 
2026-08-03 01:14:41.8795 | INFO | Microsoft.AspNetCore.Hosting.Diagnostics | Request starting HTTP/2 GET https://localhost:7286/api/Customer/2 - - - 
2026-08-03 01:14:41.8862 | INFO | Microsoft.AspNetCore.Routing.EndpointMiddleware | Executing endpoint 'CustomerApi.Controllers.CustomerController.GetById (CustomerApi)' 
2026-08-03 01:14:41.8862 | INFO | Microsoft.AspNetCore.Mvc.Infrastructure.ControllerActionInvoker | Route matched with {action = "GetById", controller = "Customer"}. Executing controller action with signature System.Threading.Tasks.Task`1[Microsoft.AspNetCore.Mvc.IActionResult] GetById(Int32) on controller CustomerApi.Controllers.CustomerController (CustomerApi). 
2026-08-03 01:14:42.0812 | INFO | Microsoft.EntityFrameworkCore.Database.Command | Executed DbCommand (9ms) [Parameters=[@__p_0='?' (DbType = Int32)], CommandType='Text', CommandTimeout='30']
SELECT TOP(1) [c].[Id], [c].[CreatedAt], [c].[Email], [c].[FirstName], [c].[LastName], [c].[PhoneNumber], [c].[UpdatedAt]
FROM [Customers] AS [c]
WHERE [c].[Id] = @__p_0 
2026-08-03 01:14:42.0812 | INFO | Microsoft.AspNetCore.Mvc.Infrastructure.ObjectResultExecutor | Executing OkObjectResult, writing value of type 'CustomerApi.Common.ApiResponse`1[[CustomerApi.DTOs.CustomerResponseDto, CustomerApi, Version=1.0.0.0, Culture=neutral, PublicKeyToken=null]]'. 
2026-08-03 01:14:42.0812 | INFO | Microsoft.AspNetCore.Mvc.Infrastructure.ControllerActionInvoker | Executed action CustomerApi.Controllers.CustomerController.GetById (CustomerApi) in 190.8901ms 
2026-08-03 01:14:42.0812 | INFO | Microsoft.AspNetCore.Routing.EndpointMiddleware | Executed endpoint 'CustomerApi.Controllers.CustomerController.GetById (CustomerApi)' 
2026-08-03 01:14:42.0812 | INFO | Microsoft.AspNetCore.Hosting.Diagnostics | Request finished HTTP/2 GET https://localhost:7286/api/Customer/2 - 200 - application/json;+charset=utf-8 207.2092ms 
2026-08-03 01:14:52.3052 | INFO | Microsoft.AspNetCore.Hosting.Diagnostics | Request starting HTTP/2 GET https://localhost:7286/api/Customer/3 - - - 
2026-08-03 01:14:52.3052 | INFO | Microsoft.AspNetCore.Routing.EndpointMiddleware | Executing endpoint 'CustomerApi.Controllers.CustomerController.GetById (CustomerApi)' 
2026-08-03 01:14:52.3052 | INFO | Microsoft.AspNetCore.Mvc.Infrastructure.ControllerActionInvoker | Route matched with {action = "GetById", controller = "Customer"}. Executing controller action with signature System.Threading.Tasks.Task`1[Microsoft.AspNetCore.Mvc.IActionResult] GetById(Int32) on controller CustomerApi.Controllers.CustomerController (CustomerApi). 
2026-08-03 01:14:52.3052 | INFO | Microsoft.EntityFrameworkCore.Database.Command | Executed DbCommand (2ms) [Parameters=[@__p_0='?' (DbType = Int32)], CommandType='Text', CommandTimeout='30']
SELECT TOP(1) [c].[Id], [c].[CreatedAt], [c].[Email], [c].[FirstName], [c].[LastName], [c].[PhoneNumber], [c].[UpdatedAt]
FROM [Customers] AS [c]
WHERE [c].[Id] = @__p_0 
2026-08-03 01:14:52.3052 | INFO | Microsoft.AspNetCore.Mvc.Infrastructure.ObjectResultExecutor | Executing NotFoundObjectResult, writing value of type 'CustomerApi.Common.ApiResponse`1[[CustomerApi.DTOs.CustomerResponseDto, CustomerApi, Version=1.0.0.0, Culture=neutral, PublicKeyToken=null]]'. 
2026-08-03 01:14:52.3052 | INFO | Microsoft.AspNetCore.Mvc.Infrastructure.ControllerActionInvoker | Executed action CustomerApi.Controllers.CustomerController.GetById (CustomerApi) in 12.0481ms 
2026-08-03 01:14:52.3052 | INFO | Microsoft.AspNetCore.Routing.EndpointMiddleware | Executed endpoint 'CustomerApi.Controllers.CustomerController.GetById (CustomerApi)' 
2026-08-03 01:14:52.3052 | INFO | Microsoft.AspNetCore.Hosting.Diagnostics | Request finished HTTP/2 GET https://localhost:7286/api/Customer/3 - 404 - application/json;+charset=utf-8 15.1588ms 
2026-08-03 01:15:58.5414 | INFO | Microsoft.AspNetCore.Hosting.Diagnostics | Request starting HTTP/2 PUT https://localhost:7286/api/Customer/2 - application/json 124 
2026-08-03 01:15:58.5414 | INFO | Microsoft.AspNetCore.Routing.EndpointMiddleware | Executing endpoint 'CustomerApi.Controllers.CustomerController.Update (CustomerApi)' 
2026-08-03 01:15:58.5585 | INFO | Microsoft.AspNetCore.Mvc.Infrastructure.ControllerActionInvoker | Route matched with {action = "Update", controller = "Customer"}. Executing controller action with signature System.Threading.Tasks.Task`1[Microsoft.AspNetCore.Mvc.IActionResult] Update(Int32, CustomerApi.DTOs.UpdateCustomerDto) on controller CustomerApi.Controllers.CustomerController (CustomerApi). 
2026-08-03 01:15:58.5585 | INFO | Microsoft.EntityFrameworkCore.Database.Command | Executed DbCommand (4ms) [Parameters=[@__p_0='?' (DbType = Int32)], CommandType='Text', CommandTimeout='30']
SELECT TOP(1) [c].[Id], [c].[CreatedAt], [c].[Email], [c].[FirstName], [c].[LastName], [c].[PhoneNumber], [c].[UpdatedAt]
FROM [Customers] AS [c]
WHERE [c].[Id] = @__p_0 
2026-08-03 01:15:58.5865 | INFO | Microsoft.EntityFrameworkCore.Database.Command | Executed DbCommand (8ms) [Parameters=[@p4='?' (DbType = Int32), @p0='?' (Size = 4000), @p1='?' (Size = 4000), @p2='?' (Size = 4000), @p3='?' (DbType = DateTime2)], CommandType='Text', CommandTimeout='30']
SET IMPLICIT_TRANSACTIONS OFF;
SET NOCOUNT ON;
UPDATE [Customers] SET [FirstName] = @p0, [LastName] = @p1, [PhoneNumber] = @p2, [UpdatedAt] = @p3
OUTPUT 1
WHERE [Id] = @p4; 
2026-08-03 01:15:58.5865 | INFO | CustomerApi.Services.CustomerService | Customer 2 updated 
2026-08-03 01:15:58.5865 | INFO | Microsoft.AspNetCore.Mvc.Infrastructure.ObjectResultExecutor | Executing OkObjectResult, writing value of type 'CustomerApi.Common.ApiResponse`1[[CustomerApi.DTOs.CustomerResponseDto, CustomerApi, Version=1.0.0.0, Culture=neutral, PublicKeyToken=null]]'. 
2026-08-03 01:15:58.5865 | INFO | Microsoft.AspNetCore.Mvc.Infrastructure.ControllerActionInvoker | Executed action CustomerApi.Controllers.CustomerController.Update (CustomerApi) in 33.1899ms 
2026-08-03 01:15:58.5920 | INFO | Microsoft.AspNetCore.Routing.EndpointMiddleware | Executed endpoint 'CustomerApi.Controllers.CustomerController.Update (CustomerApi)' 
2026-08-03 01:15:58.5920 | INFO | Microsoft.AspNetCore.Hosting.Diagnostics | Request finished HTTP/2 PUT https://localhost:7286/api/Customer/2 - 200 - application/json;+charset=utf-8 54.7933ms 
2026-08-03 01:16:09.5648 | INFO | Microsoft.AspNetCore.Hosting.Diagnostics | Request starting HTTP/2 GET https://localhost:7286/api/Customer - - - 
2026-08-03 01:16:09.5648 | INFO | Microsoft.AspNetCore.Routing.EndpointMiddleware | Executing endpoint 'CustomerApi.Controllers.CustomerController.GetAll (CustomerApi)' 
2026-08-03 01:16:09.5648 | INFO | Microsoft.AspNetCore.Mvc.Infrastructure.ControllerActionInvoker | Route matched with {action = "GetAll", controller = "Customer"}. Executing controller action with signature System.Threading.Tasks.Task`1[Microsoft.AspNetCore.Mvc.IActionResult] GetAll() on controller CustomerApi.Controllers.CustomerController (CustomerApi). 
2026-08-03 01:16:09.5780 | INFO | Microsoft.EntityFrameworkCore.Database.Command | Executed DbCommand (9ms) [Parameters=[], CommandType='Text', CommandTimeout='30']
SELECT [c].[Id], [c].[CreatedAt], [c].[Email], [c].[FirstName], [c].[LastName], [c].[PhoneNumber], [c].[UpdatedAt]
FROM [Customers] AS [c] 
2026-08-03 01:16:09.5780 | INFO | Microsoft.AspNetCore.Mvc.Infrastructure.ObjectResultExecutor | Executing OkObjectResult, writing value of type 'CustomerApi.Common.ApiResponse`1[[System.Collections.Generic.List`1[[CustomerApi.DTOs.CustomerResponseDto, CustomerApi, Version=1.0.0.0, Culture=neutral, PublicKeyToken=null]], System.Private.CoreLib, Version=8.0.0.0, Culture=neutral, PublicKeyToken=7cec85d7bea7798e]]'. 
2026-08-03 01:16:09.5780 | INFO | Microsoft.AspNetCore.Mvc.Infrastructure.ControllerActionInvoker | Executed action CustomerApi.Controllers.CustomerController.GetAll (CustomerApi) in 15.824ms 
2026-08-03 01:16:09.5780 | INFO | Microsoft.AspNetCore.Routing.EndpointMiddleware | Executed endpoint 'CustomerApi.Controllers.CustomerController.GetAll (CustomerApi)' 
2026-08-03 01:16:09.5780 | INFO | Microsoft.AspNetCore.Hosting.Diagnostics | Request finished HTTP/2 GET https://localhost:7286/api/Customer - 200 - application/json;+charset=utf-8 17.8176ms 
